#
# There is insufficient memory for the Java Runtime Environment to continue.
# Native memory allocation (mmap) failed to map 123731968 bytes. Error detail: G1 virtual space
# Possible reasons:
#   The system is out of physical RAM or swap space
#   This process is running with CompressedOops enabled, and the Java Heap may be blocking the growth of the native heap
# Possible solutions:
#   Reduce memory load on the system
#   Increase physical memory or swap space
#   Check if swap backing store is full
#   Decrease Java heap size (-Xmx/-Xms)
#   Decrease number of Java threads
#   Decrease Java thread stack sizes (-Xss)
#   Set larger code cache with -XX:ReservedCodeCacheSize=
#   JVM is running with Unscaled Compressed Oops mode in which the Java heap is
#     placed in the first 4GB address space. The Java Heap base address is the
#     maximum limit for the native heap growth. Please use -XX:HeapBaseMinAddress
#     to set the Java Heap base and to place the Java Heap above 4GB virtual address.
# This output file may be truncated or incomplete.
#
#  Out of Memory Error (os_windows.cpp:3766), pid=34432, tid=32300
#
# JRE version:  (25.0.3+9) (build )
# Java VM: OpenJDK 64-Bit Server VM (25.0.3+9-b508.16, mixed mode, sharing, tiered, compressed oops, compressed class ptrs, g1 gc, windows-amd64)
# No core dump will be written. Minidumps are not enabled by default on client versions of Windows
#

---------------  S U M M A R Y ------------

Command Line: git4idea.http.GitAskPassApp Username for 'https://github.com': 

Host: AMD Ryzen 5 8645HS w/ Radeon 760M Graphics, 12 cores, 7G,  Windows 11 , 64 bit Build 26100 (10.0.26100.9278)
Time: Tue Sep  8 12:13:53 2026 Hora est. Pacífico, Sudamérica elapsed time: 0.114036 seconds (0d 0h 0m 0s)

---------------  T H R E A D  ---------------

Current thread (0x0000027482ae2640):  JavaThread "Unknown thread" [_thread_in_vm, id=32300, stack(0x0000009852a00000,0x0000009852b00000) (1024K)]

Stack: [0x0000009852a00000,0x0000009852b00000]
Native frames: (J=compiled Java code, j=interpreted, Vv=VM code, C=native code)
V  [jvm.dll+0x7c2949]  (no source info available)
V  [jvm.dll+0x78c01d]  (no source info available)
V  [jvm.dll+0xa105b3]  (no source info available)
V  [jvm.dll+0xa12dac]  (no source info available)
V  [jvm.dll+0xa134a3]  (no source info available)
V  [jvm.dll+0x308106]  (no source info available)
V  [jvm.dll+0x7beb55]  (no source info available)
V  [jvm.dll+0x7b1ae7]  (no source info available)
V  [jvm.dll+0x40224e]  (no source info available)
V  [jvm.dll+0x40a06b]  (no source info available)
V  [jvm.dll+0x3f68a9]  (no source info available)
V  [jvm.dll+0x3f6b5b]  (no source info available)
V  [jvm.dll+0x3ccb73]  (no source info available)
V  [jvm.dll+0x3cd7de]  (no source info available)
V  [jvm.dll+0x9d6907]  (no source info available)
V  [jvm.dll+0x467992]  (no source info available)
V  [jvm.dll+0x9ba039]  (no source info available)
V  [jvm.dll+0x509dd1]  (no source info available)
V  [jvm.dll+0x50b741]  (no source info available)
C  [jli.dll+0x5422]  (no source info available)
C  [ucrtbase.dll+0x2cd30]  (no source info available)
C  [KERNEL32.DLL+0x2ccb7]  (no source info available)
C  [ntdll.dll+0xacaec]  (no source info available)

Lock stack of current Java thread (top to bottom):


---------------  P R O C E S S  ---------------

Threads class SMR info:
_java_thread_list=0x00007ffbf2b8c108, length=0, elements={
}

Java Threads: ( => current thread )
Total: 0

Other Threads:
  0x0000027485008820 WorkerThread "GC Thread#0"                     [id=27504, stack(0x0000009852b00000,0x0000009852c00000) (1024K)]
  0x0000027485021bb0 ConcurrentGCThread "G1 Main Marker"            [id=37720, stack(0x0000009852c00000,0x0000009852d00000) (1024K)]
  0x0000027485022f60 WorkerThread "G1 Conc#0"                       [id=37724, stack(0x0000009852d00000,0x0000009852e00000) (1024K)]

[error occurred during error reporting (printing all threads), id 0xc0000005, EXCEPTION_ACCESS_VIOLATION (0xc0000005) at pc=0x00007ffbf21a194a]
VM state: not at safepoint (not fully initialized)

VM Mutex/Monitor currently owned by a thread:  ([mutex/lock_event])
[0x00007ffbf2c14fb0] Heap_lock - owner thread: 0x0000027482ae2640

Heap address: 0x000000008bc00000, size: 1860 MB, Compressed Oops mode: 32-bit

CDS archive(s) mapped at: [0x0000000000000000-0x0000000000000000-0x0000000000000000), size 0, SharedBaseAddress: 0x0000000800000000, ArchiveRelocationMode: 1.
UseCompressedClassPointers 1, UseCompactObjectHeaders 0
Narrow klass pointer bits 32, Max shift 3
Narrow klass base: 0xffffffffffffffff, Narrow klass shift: -1
Encoding Range: [0xffffffffffffffff - 0x000000007fffffff), (2147483648 bytes)
Klass Range:    [0x0000000000000000 - 0x0000000000000000), (0 bytes)
Klass ID Range:  [4294967295 - 0) (1)
No protection zone.

GC Precious Log:
 CardTable entry size: 512
 Card Set container configuration: InlinePtr #cards 5 size 8 Array Of Cards #cards 10 size 36 Howl #buckets 4 coarsen threshold 1843 Howl Bitmap #cards 512 size 80 coarsen threshold 460 Card regions per heap region 1 cards per card region 2048

Heap:
 garbage-first heap   total reserved 1904640K, committed 0K, used 0K [0x000000008bc00000, 0x0000000100000000)
  region size 1024K, 0 young (0K), 0 survivors (0K)

Heap Regions: E=young(eden), S=young(survivor), O=old, HS=humongous(starts), HC=humongous(continues), CS=collection set, F=free, TAMS=top-at-mark-start, PB=parsable bottom

Card table byte_map: [0x0000027498440000,0x00000274987f0000] _byte_map_base: 0x0000027497fe2000

Marking Bits: (CMBitMap*) 0x0000027485009fc0
 Bits: [0x00000274987f0000, 0x000002749a500000)

GC Heap Usage History (0 events):
No events

Metaspace Usage History (0 events):
No events

Dll operation events (1 events):
Event: 0.047 Loaded shared library C:\Program Files\JetBrains\IntelliJ IDEA 2026.2.0.1\jbr\bin\java.dll

Deoptimization events (0 events):
No events

Classes loaded (0 events):
No events

Classes unloaded (0 events):
No events

Classes redefined (0 events):
No events

Internal exceptions (0 events):
No events

VM Operations (0 events):
No events

Memory protections (0 events):
No events

Nmethod flushes (0 events):
No events

Events (0 events):
No events


Dynamic libraries:
0x00007ff7f1a00000 - 0x00007ff7f1a0a000 	C:\Program Files\JetBrains\IntelliJ IDEA 2026.2.0.1\jbr\bin\java.exe
0x00007ffd35680000 - 0x00007ffd358e7000 	C:\windows\SYSTEM32\ntdll.dll
0x00007ffd349d0000 - 0x00007ffd34a9a000 	C:\windows\System32\KERNEL32.DLL
0x00007ffd32b70000 - 0x00007ffd32f72000 	C:\windows\System32\KERNELBASE.dll
0x00007ffd33190000 - 0x00007ffd332dc000 	C:\windows\System32\ucrtbase.dll
0x00007ffce9050000 - 0x00007ffce906e000 	C:\Program Files\JetBrains\IntelliJ IDEA 2026.2.0.1\jbr\bin\VCRUNTIME140.dll
0x00007ffc859a0000 - 0x00007ffc859b7000 	C:\Program Files\JetBrains\IntelliJ IDEA 2026.2.0.1\jbr\bin\jli.dll
0x00007ffd34b10000 - 0x00007ffd34cdf000 	C:\windows\System32\USER32.dll
0x00007ffd33030000 - 0x00007ffd33057000 	C:\windows\System32\win32u.dll
0x00007ffd33470000 - 0x00007ffd3349b000 	C:\windows\System32\GDI32.dll
0x00007ffd33060000 - 0x00007ffd33189000 	C:\windows\System32\gdi32full.dll
0x00007ffd32f80000 - 0x00007ffd33023000 	C:\windows\System32\msvcp_win.dll
0x00007ffd13cf0000 - 0x00007ffd13f80000 	C:\windows\WinSxS\amd64_microsoft.windows.common-controls_6595b64144ccf1df_6.0.26100.9278_none_3e0d1ba8e3303201\COMCTL32.dll
0x00007ffd34010000 - 0x00007ffd340b9000 	C:\windows\System32\msvcrt.dll
0x00007ffd33f20000 - 0x00007ffd33f51000 	C:\windows\System32\IMM32.DLL
0x00007ffd1c7b0000 - 0x00007ffd1c7bc000 	C:\Program Files\JetBrains\IntelliJ IDEA 2026.2.0.1\jbr\bin\vcruntime140_1.dll
0x00007ffc11c70000 - 0x00007ffc11cf9000 	C:\Program Files\JetBrains\IntelliJ IDEA 2026.2.0.1\jbr\bin\msvcp140.dll
0x00007ffbf1dc0000 - 0x00007ffbf2d15000 	C:\Program Files\JetBrains\IntelliJ IDEA 2026.2.0.1\jbr\bin\server\jvm.dll
0x00007ffd35570000 - 0x00007ffd3562c000 	C:\windows\System32\ADVAPI32.dll
0x00007ffd33f60000 - 0x00007ffd34009000 	C:\windows\System32\sechost.dll
0x00007ffd33c20000 - 0x00007ffd33d38000 	C:\windows\System32\RPCRT4.dll
0x00007ffd34cf0000 - 0x00007ffd34d70000 	C:\windows\System32\WS2_32.dll
0x00007ffd29460000 - 0x00007ffd2946b000 	C:\windows\SYSTEM32\VERSION.dll
0x00007ffd23b30000 - 0x00007ffd23b66000 	C:\windows\SYSTEM32\WINMM.dll
0x00007ffd326f0000 - 0x00007ffd3274e000 	C:\windows\SYSTEM32\POWRPROF.dll
0x00007ffd326d0000 - 0x00007ffd326e5000 	C:\windows\SYSTEM32\UMPDC.dll
0x00007ffd31560000 - 0x00007ffd3157b000 	C:\windows\SYSTEM32\kernel.appcore.dll
0x00007ffd1c1e0000 - 0x00007ffd1c1ea000 	C:\Program Files\JetBrains\IntelliJ IDEA 2026.2.0.1\jbr\bin\jimage.dll
0x00007ffd27e40000 - 0x00007ffd28082000 	C:\windows\SYSTEM32\DBGHELP.DLL
0x00007ffd33630000 - 0x00007ffd339b4000 	C:\windows\System32\combase.dll
0x00007ffd339c0000 - 0x00007ffd33a99000 	C:\windows\System32\OLEAUT32.dll
0x00007ffcffde0000 - 0x00007ffcffe1b000 	C:\windows\SYSTEM32\dbgcore.DLL
0x00007ffd32ab0000 - 0x00007ffd32b5c000 	C:\windows\System32\bcryptPrimitives.dll
0x00007ffcddc20000 - 0x00007ffcddc3f000 	C:\Program Files\JetBrains\IntelliJ IDEA 2026.2.0.1\jbr\bin\java.dll
0x00007ffd35350000 - 0x00007ffd354e9000 	C:\windows\System32\ole32.dll
0x00007ffd340c0000 - 0x00007ffd34858000 	C:\windows\System32\SHELL32.dll

JVMTI agents: none

dbghelp: loaded successfully - version: 4.0.5 - missing functions: none
symbol engine: initialized successfully - sym options: 0x614 - pdb path: .;C:\Program Files\JetBrains\IntelliJ IDEA 2026.2.0.1\jbr\bin;C:\windows\SYSTEM32;C:\windows\WinSxS\amd64_microsoft.windows.common-controls_6595b64144ccf1df_6.0.26100.9278_none_3e0d1ba8e3303201;C:\Program Files\JetBrains\IntelliJ IDEA 2026.2.0.1\jbr\bin\server

VM Arguments:
java_command: git4idea.http.GitAskPassApp Username for 'https://github.com': 
java_class_path (initial): C:/Program Files/JetBrains/IntelliJ IDEA 2026.2.0.1/plugins/vcs-git/lib/git4idea-rt.jar;C:/Program Files/JetBrains/IntelliJ IDEA 2026.2.0.1/lib/externalProcess-rt.jar
Launcher Type: SUN_STANDARD

[Global flags]
     intx CICompilerCount                          = 4                                         {product} {ergonomic}
     uint ConcGCThreads                            = 3                                         {product} {ergonomic}
     uint G1ConcRefinementThreads                  = 10                                        {product} {ergonomic}
   size_t G1HeapRegionSize                         = 1048576                                   {product} {ergonomic}
   size_t InitialHeapSize                          = 123731968                                 {product} {ergonomic}
   size_t MarkStackSize                            = 4194304                                   {product} {ergonomic}
   size_t MarkStackSizeMax                         = 536870912                                 {product} {ergonomic}
   size_t MaxHeapSize                              = 1950351360                                {product} {ergonomic}
   size_t MinHeapDeltaBytes                        = 1048576                                   {product} {ergonomic}
   size_t MinHeapSize                              = 8388608                                   {product} {ergonomic}
    uintx NonNMethodCodeHeapSize                   = 5898240                                {pd product} {ergonomic}
    uintx NonProfiledCodeHeapSize                  = 122945536                              {pd product} {ergonomic}
    uintx ProfiledCodeHeapSize                     = 122945536                              {pd product} {ergonomic}
    uintx ReservedCodeCacheSize                    = 251789312                              {pd product} {ergonomic}
     bool SegmentedCodeCache                       = true                                      {product} {ergonomic}
   size_t SoftMaxHeapSize                          = 1950351360                             {manageable} {ergonomic}
     bool UseCompressedOops                        = true                           {product lp64_product} {ergonomic}
     bool UseG1GC                                  = true                                      {product} {ergonomic}
     bool UseLargePagesIndividualAllocation        = false                                  {pd product} {ergonomic}

Logging:
Log output configuration:
 #0: stdout all=warning uptime,level,tags foldmultilines=false
 #1: stderr all=off uptime,level,tags foldmultilines=false

Release file:
<release file has not been read>
Environment Variables:
PATH=C:/Program Files/Git/mingw64/libexec/git-core;C:/Program Files/Git/mingw64/libexec/git-core;C:\Program Files\Git\mingw64\bin;C:\Program Files\Git\usr\bin;C:\Users\Miguel\bin;C:\Program Files\Common Files\Oracle\Java\javapath;C:\Program Files (x86)\Common Files\Oracle\Java\javapath;C:\windows\system32;C:\windows;C:\windows\System32\Wbem;C:\windows\System32\WindowsPowerShell\v1.0\;C:\windows\System32\OpenSSH\;C:\Program Files (x86)\NVIDIA Corporation\PhysX\Common;C:\Users\Administrator\AppData\Local\Microsoft\WindowsApps;C:\Program Files\HP\OMEN-Broadcast\Common;C:\Program Files\Git\cmd;C:\Program Files\NVIDIA Corporation\NVIDIA App\NvDLISR;C:\Program Files (x86)\Microsoft SQL Server\170\Tools\Binn\;C:\Program Files\Microsoft SQL Server\170\Tools\Binn\;C:\Program Files\Microsoft SQL Server\Client SDK\ODBC\180\Tools\Binn\;C:\Program Files\Microsoft SQL Server\170\DTS\Binn\;C:\Program Files\nodejs\;C:\Users\Miguel\AppData\Local\Programs\Python\Python311\Scripts\;C:\Users\Miguel\AppData\Local\Programs\Python\Python311\;C:\Users\Miguel\AppData\Local\Programs\Python\Python313\Scripts\;C:\Users\Miguel\AppData\Local\Programs\Python\Python313\;C:\Users\Miguel\AppData\Local\Microsoft\WindowsApps;C:\Users\Miguel\AppData\Local\Programs\Microsoft VS Code\bin;C:\Users\Miguel\AppData\Local\Programs\Antigravity\bin;C:\Users\Miguel\AppData\Roaming\npm;C:\Users\Miguel\.local\bin;C:\Program Files\JetBrains\IntelliJ IDEA 2026.2.0.1\bin
USERNAME=Miguel
DISPLAY=:0.0
LC_ALL=en_US.UTF-8
TERM=xterm-256color
TMPDIR=C:\Users\Miguel\AppData\Local\Temp
OS=Windows_NT
PROCESSOR_IDENTIFIER=AMD64 Family 25 Model 117 Stepping 2, AuthenticAMD
TMP=C:\Users\Miguel\AppData\Local\Temp
TEMP=C:\Users\Miguel\AppData\Local\Temp




Compilation memory statistics disabled.

Periodic native trim disabled

JNI global refs:
JNI global refs: 0, weak refs: 0

JNI global refs memory usage: 0, weak refs: 0

Process memory usage:
Resident Set Size: 13884K (0% of 7617964K total physical memory with 133024K free physical memory)

OOME stack traces (most recent first):
Classloader memory used:

---------------  S Y S T E M  ---------------

OS:
 Windows 11 , 64 bit Build 26100 (10.0.26100.9278)
OS uptime: 0 days 2:55 hours
Hyper-V role detected

CPU: total 12 (initial active 12) (12 cores per cpu, 2 threads per core) family 25 model 117 stepping 2 microcode 0xa70520a, cx8, cmov, fxsr, ht, mmx, 3dnowpref, sse, sse2, sse3, ssse3, sse4a, sse4.1, sse4.2, popcnt, lzcnt, tsc, tscinvbit, avx, avx2, aes, erms, clmul, bmi1, bmi2, adx, avx512f, avx512dq, avx512cd, avx512bw, avx512vl, sha, fma, vzeroupper, avx512_vpopcntdq, avx512_vpclmulqdq, avx512_vaes, avx512_vnni, clflush, clflushopt, clwb, avx512_vbmi2, avx512_vbmi, hv, rdtscp, rdpid, fsrm, gfni, avx512_bitalg, f16c, cet_ss, avx512_ifma
Processor Information for processor 0
  Max Mhz: 4301, Current Mhz: 3430, Mhz Limit: 4301
Processor Information for processor 1
  Max Mhz: 4301, Current Mhz: 4301, Mhz Limit: 4301
Processor Information for processor 2
  Max Mhz: 4301, Current Mhz: 3430, Mhz Limit: 4301
Processor Information for processor 3
  Max Mhz: 4301, Current Mhz: 3430, Mhz Limit: 4301
Processor Information for processor 4
  Max Mhz: 4301, Current Mhz: 4301, Mhz Limit: 4301
Processor Information for processor 5
  Max Mhz: 4301, Current Mhz: 4301, Mhz Limit: 4301
Processor Information for processor 6
  Max Mhz: 4301, Current Mhz: 4301, Mhz Limit: 4301
Processor Information for processor 7
  Max Mhz: 4301, Current Mhz: 4301, Mhz Limit: 4301
Processor Information for processor 8
  Max Mhz: 4301, Current Mhz: 3430, Mhz Limit: 4301
Processor Information for processor 9
  Max Mhz: 4301, Current Mhz: 4301, Mhz Limit: 4301
Processor Information for processor 10
  Max Mhz: 4301, Current Mhz: 4301, Mhz Limit: 4301
Processor Information for processor 11
  Max Mhz: 4301, Current Mhz: 3430, Mhz Limit: 4301

Memory: 4k page, system-wide physical 7439M (129M free)
TotalPageFile size 29967M (AvailPageFile size 115M)
current process WorkingSet (physical memory assigned to process): 13M, peak: 13M
current process commit charge ("private bytes"): 64M, peak: 182M

vm_info: OpenJDK 64-Bit Server VM (25.0.3+9-b508.16) for windows-amd64 JRE (25.0.3+9-b508.16), built on 2026-06-22 with MS VC++ 17.14 (VS2022)

END.
